------------------------------------------------------------
Timing Analyzer Summary
------------------------------------------------------------

Type  : Setup 'adb'
Slack : -6.538
TNS   : -17.728

Type  : Setup 'clock_divisor:comb_15|flipflop_t:comb_7|q'
Slack : -6.396
TNS   : -6.396

Type  : Setup 'clock_divisor:comb_14|flipflop_t:comb_7|q'
Slack : -5.964
TNS   : -58.557

Type  : Setup 'clock_selector:comb_19|new_clock'
Slack : -5.399
TNS   : -26.112

Type  : Setup 'clock_selector:comb_19|little_clock_divisor:comb_5|flipflop_t:comb_3|q'
Slack : -1.463
TNS   : -1.463

Type  : Setup 'clock_divisor:comb_16|flipflop_t:comb_6|q'
Slack : -1.193
TNS   : -1.193

Type  : Setup 'clock_divisor:comb_13|flipflop_t:comb_4|q'
Slack : 0.457
TNS   : 0.000

Type  : Setup 'clock_selector:comb_19|clock_divisor:comb_3|flipflop_t:comb_3|q'
Slack : 0.462
TNS   : 0.000

Type  : Setup 'clock_divisor:comb_12|flipflop_t:comb_5|q'
Slack : 0.466
TNS   : 0.000

Type  : Setup 'clock_divisor:comb_13|flipflop_t:comb_6|q'
Slack : 0.466
TNS   : 0.000

Type  : Setup 'clock_divisor:comb_15|flipflop_t:comb_3|q'
Slack : 0.466
TNS   : 0.000

Type  : Setup 'clock_divisor:comb_12|flipflop_t:comb_3|q'
Slack : 0.467
TNS   : 0.000

Type  : Setup 'clock_divisor:comb_12|flipflop_t:comb_7|q'
Slack : 0.467
TNS   : 0.000

Type  : Setup 'clock_divisor:comb_14|flipflop_t:comb_3|q'
Slack : 0.467
TNS   : 0.000

Type  : Setup 'clock_divisor:comb_15|flipflop_t:comb_5|q'
Slack : 0.467
TNS   : 0.000

Type  : Setup 'clock_divisor:comb_16|flipflop_t:comb_4|q'
Slack : 0.467
TNS   : 0.000

Type  : Setup 'clock_selector:comb_19|clock_divisor:comb_3|flipflop_t:comb_7|q'
Slack : 0.467
TNS   : 0.000

Type  : Setup 'clock_divisor:comb_14|flipflop_t:comb_5|q'
Slack : 0.469
TNS   : 0.000

Type  : Setup 'clock_divisor:comb_12|flipflop_t:comb_6|q'
Slack : 0.808
TNS   : 0.000

Type  : Setup 'clock_divisor:comb_16|flipflop_t:comb_5|q'
Slack : 0.808
TNS   : 0.000

Type  : Setup 'clock_divisor:comb_13|flipflop_t:comb_3|q'
Slack : 0.820
TNS   : 0.000

Type  : Setup 'clock_divisor:comb_15|flipflop_t:comb_4|q'
Slack : 0.824
TNS   : 0.000

Type  : Setup 'clock_divisor:comb_13|flipflop_t:comb_7|q'
Slack : 0.825
TNS   : 0.000

Type  : Setup 'clock_divisor:comb_16|flipflop_t:comb_3|q'
Slack : 0.828
TNS   : 0.000

Type  : Setup 'clock_selector:comb_19|clock_divisor:comb_3|flipflop_t:comb_5|q'
Slack : 0.832
TNS   : 0.000

Type  : Setup 'clock_selector:comb_19|clock_divisor:comb_3|flipflop_t:comb_4|q'
Slack : 0.857
TNS   : 0.000

Type  : Setup 'clock_divisor:comb_12|flipflop_t:comb_4|q'
Slack : 1.122
TNS   : 0.000

Type  : Setup 'clock_selector:comb_19|clock_divisor:comb_3|flipflop_t:comb_6|q'
Slack : 1.160
TNS   : 0.000

Type  : Setup 'clock_divisor:comb_14|flipflop_t:comb_4|q'
Slack : 1.188
TNS   : 0.000

Type  : Setup 'clock_divisor:comb_13|flipflop_t:comb_5|q'
Slack : 1.315
TNS   : 0.000

Type  : Setup 'clock_divisor:comb_14|flipflop_t:comb_6|q'
Slack : 1.383
TNS   : 0.000

Type  : Setup 'clock_selector:comb_19|little_clock_divisor:comb_4|flipflop_t:comb_3|q'
Slack : 1.383
TNS   : 0.000

Type  : Setup 'clock_divisor:comb_15|flipflop_t:comb_6|q'
Slack : 1.532
TNS   : 0.000

Type  : Setup 'clock'
Slack : 3.231
TNS   : 0.000

Type  : Hold 'clock'
Slack : -3.285
TNS   : -3.285

Type  : Hold 'clock_divisor:comb_15|flipflop_t:comb_7|q'
Slack : -2.402
TNS   : -5.195

Type  : Hold 'clock_divisor:comb_14|flipflop_t:comb_7|q'
Slack : -2.108
TNS   : -2.108

Type  : Hold 'clock_divisor:comb_15|flipflop_t:comb_6|q'
Slack : -1.586
TNS   : -1.586

Type  : Hold 'clock_divisor:comb_14|flipflop_t:comb_6|q'
Slack : -1.437
TNS   : -1.437

Type  : Hold 'clock_selector:comb_19|little_clock_divisor:comb_4|flipflop_t:comb_3|q'
Slack : -1.437
TNS   : -1.437

Type  : Hold 'clock_divisor:comb_13|flipflop_t:comb_5|q'
Slack : -1.369
TNS   : -1.369

Type  : Hold 'clock_divisor:comb_14|flipflop_t:comb_4|q'
Slack : -1.242
TNS   : -1.242

Type  : Hold 'clock_selector:comb_19|clock_divisor:comb_3|flipflop_t:comb_6|q'
Slack : -1.214
TNS   : -1.214

Type  : Hold 'clock_divisor:comb_12|flipflop_t:comb_4|q'
Slack : -1.176
TNS   : -1.176

Type  : Hold 'adb'
Slack : -1.071
TNS   : -1.934

Type  : Hold 'clock_selector:comb_19|clock_divisor:comb_3|flipflop_t:comb_4|q'
Slack : -0.911
TNS   : -0.911

Type  : Hold 'clock_selector:comb_19|clock_divisor:comb_3|flipflop_t:comb_5|q'
Slack : -0.886
TNS   : -0.886

Type  : Hold 'clock_divisor:comb_16|flipflop_t:comb_3|q'
Slack : -0.882
TNS   : -0.882

Type  : Hold 'clock_divisor:comb_13|flipflop_t:comb_7|q'
Slack : -0.879
TNS   : -0.879

Type  : Hold 'clock_divisor:comb_15|flipflop_t:comb_4|q'
Slack : -0.878
TNS   : -0.878

Type  : Hold 'clock_divisor:comb_13|flipflop_t:comb_3|q'
Slack : -0.874
TNS   : -0.874

Type  : Hold 'clock_divisor:comb_12|flipflop_t:comb_6|q'
Slack : -0.862
TNS   : -0.862

Type  : Hold 'clock_divisor:comb_16|flipflop_t:comb_5|q'
Slack : -0.862
TNS   : -0.862

Type  : Hold 'clock_divisor:comb_14|flipflop_t:comb_5|q'
Slack : -0.523
TNS   : -0.523

Type  : Hold 'clock_divisor:comb_12|flipflop_t:comb_3|q'
Slack : -0.521
TNS   : -0.521

Type  : Hold 'clock_divisor:comb_12|flipflop_t:comb_7|q'
Slack : -0.521
TNS   : -0.521

Type  : Hold 'clock_divisor:comb_14|flipflop_t:comb_3|q'
Slack : -0.521
TNS   : -0.521

Type  : Hold 'clock_divisor:comb_15|flipflop_t:comb_5|q'
Slack : -0.521
TNS   : -0.521

Type  : Hold 'clock_divisor:comb_16|flipflop_t:comb_4|q'
Slack : -0.521
TNS   : -0.521

Type  : Hold 'clock_selector:comb_19|clock_divisor:comb_3|flipflop_t:comb_7|q'
Slack : -0.521
TNS   : -0.521

Type  : Hold 'clock_divisor:comb_12|flipflop_t:comb_5|q'
Slack : -0.520
TNS   : -0.520

Type  : Hold 'clock_divisor:comb_13|flipflop_t:comb_6|q'
Slack : -0.520
TNS   : -0.520

Type  : Hold 'clock_divisor:comb_15|flipflop_t:comb_3|q'
Slack : -0.520
TNS   : -0.520

Type  : Hold 'clock_selector:comb_19|clock_divisor:comb_3|flipflop_t:comb_3|q'
Slack : -0.516
TNS   : -0.516

Type  : Hold 'clock_divisor:comb_13|flipflop_t:comb_4|q'
Slack : -0.511
TNS   : -0.511

Type  : Hold 'clock_selector:comb_19|new_clock'
Slack : 1.414
TNS   : 0.000

Type  : Hold 'clock_divisor:comb_16|flipflop_t:comb_6|q'
Slack : 1.639
TNS   : 0.000

Type  : Hold 'clock_selector:comb_19|little_clock_divisor:comb_5|flipflop_t:comb_3|q'
Slack : 1.909
TNS   : 0.000

Type  : Minimum Pulse Width 'adb'
Slack : -2.289
TNS   : -2.289

Type  : Minimum Pulse Width 'clock'
Slack : -2.289
TNS   : -2.289

Type  : Minimum Pulse Width 'clock_divisor:comb_12|flipflop_t:comb_3|q'
Slack : 0.234
TNS   : 0.000

Type  : Minimum Pulse Width 'clock_divisor:comb_12|flipflop_t:comb_4|q'
Slack : 0.234
TNS   : 0.000

Type  : Minimum Pulse Width 'clock_divisor:comb_12|flipflop_t:comb_5|q'
Slack : 0.234
TNS   : 0.000

Type  : Minimum Pulse Width 'clock_divisor:comb_12|flipflop_t:comb_6|q'
Slack : 0.234
TNS   : 0.000

Type  : Minimum Pulse Width 'clock_divisor:comb_12|flipflop_t:comb_7|q'
Slack : 0.234
TNS   : 0.000

Type  : Minimum Pulse Width 'clock_divisor:comb_13|flipflop_t:comb_3|q'
Slack : 0.234
TNS   : 0.000

Type  : Minimum Pulse Width 'clock_divisor:comb_13|flipflop_t:comb_4|q'
Slack : 0.234
TNS   : 0.000

Type  : Minimum Pulse Width 'clock_divisor:comb_13|flipflop_t:comb_5|q'
Slack : 0.234
TNS   : 0.000

Type  : Minimum Pulse Width 'clock_divisor:comb_13|flipflop_t:comb_6|q'
Slack : 0.234
TNS   : 0.000

Type  : Minimum Pulse Width 'clock_divisor:comb_13|flipflop_t:comb_7|q'
Slack : 0.234
TNS   : 0.000

Type  : Minimum Pulse Width 'clock_divisor:comb_14|flipflop_t:comb_3|q'
Slack : 0.234
TNS   : 0.000

Type  : Minimum Pulse Width 'clock_divisor:comb_14|flipflop_t:comb_4|q'
Slack : 0.234
TNS   : 0.000

Type  : Minimum Pulse Width 'clock_divisor:comb_14|flipflop_t:comb_5|q'
Slack : 0.234
TNS   : 0.000

Type  : Minimum Pulse Width 'clock_divisor:comb_14|flipflop_t:comb_6|q'
Slack : 0.234
TNS   : 0.000

Type  : Minimum Pulse Width 'clock_divisor:comb_14|flipflop_t:comb_7|q'
Slack : 0.234
TNS   : 0.000

Type  : Minimum Pulse Width 'clock_divisor:comb_15|flipflop_t:comb_3|q'
Slack : 0.234
TNS   : 0.000

Type  : Minimum Pulse Width 'clock_divisor:comb_15|flipflop_t:comb_4|q'
Slack : 0.234
TNS   : 0.000

Type  : Minimum Pulse Width 'clock_divisor:comb_15|flipflop_t:comb_5|q'
Slack : 0.234
TNS   : 0.000

Type  : Minimum Pulse Width 'clock_divisor:comb_15|flipflop_t:comb_6|q'
Slack : 0.234
TNS   : 0.000

Type  : Minimum Pulse Width 'clock_divisor:comb_15|flipflop_t:comb_7|q'
Slack : 0.234
TNS   : 0.000

Type  : Minimum Pulse Width 'clock_divisor:comb_16|flipflop_t:comb_3|q'
Slack : 0.234
TNS   : 0.000

Type  : Minimum Pulse Width 'clock_divisor:comb_16|flipflop_t:comb_4|q'
Slack : 0.234
TNS   : 0.000

Type  : Minimum Pulse Width 'clock_divisor:comb_16|flipflop_t:comb_5|q'
Slack : 0.234
TNS   : 0.000

Type  : Minimum Pulse Width 'clock_divisor:comb_16|flipflop_t:comb_6|q'
Slack : 0.234
TNS   : 0.000

Type  : Minimum Pulse Width 'clock_selector:comb_19|clock_divisor:comb_3|flipflop_t:comb_3|q'
Slack : 0.234
TNS   : 0.000

Type  : Minimum Pulse Width 'clock_selector:comb_19|clock_divisor:comb_3|flipflop_t:comb_4|q'
Slack : 0.234
TNS   : 0.000

Type  : Minimum Pulse Width 'clock_selector:comb_19|clock_divisor:comb_3|flipflop_t:comb_5|q'
Slack : 0.234
TNS   : 0.000

Type  : Minimum Pulse Width 'clock_selector:comb_19|clock_divisor:comb_3|flipflop_t:comb_6|q'
Slack : 0.234
TNS   : 0.000

Type  : Minimum Pulse Width 'clock_selector:comb_19|clock_divisor:comb_3|flipflop_t:comb_7|q'
Slack : 0.234
TNS   : 0.000

Type  : Minimum Pulse Width 'clock_selector:comb_19|little_clock_divisor:comb_4|flipflop_t:comb_3|q'
Slack : 0.234
TNS   : 0.000

Type  : Minimum Pulse Width 'clock_selector:comb_19|little_clock_divisor:comb_5|flipflop_t:comb_3|q'
Slack : 0.234
TNS   : 0.000

Type  : Minimum Pulse Width 'clock_selector:comb_19|new_clock'
Slack : 0.234
TNS   : 0.000

------------------------------------------------------------
